// Jest Snapshot v1, https://goo.gl/fbAQLP

exports[`should affect error message after formatting 1`] = `
"
<<<<<< before
ERROR: (block-spacing) /src/tslint-eslint-rules/block-spacing/test.ts[1, 16]: Requires a space
ERROR: (block-spacing) /src/tslint-eslint-rules/block-spacing/test.ts[2, 10]: Requires a space

======
no error

>>>>>> after
"
`;

exports[`should be pretty after formatting 1`] = `
"
<<<<<< before
function foo() {return true;}
if (foo) { bar = 0;}

======
function foo() {
  return true;
}
if (foo) {
  bar = 0;
}

>>>>>> after
"
`;
